app-highlight-to-translate.bundle.js:1 [Violation] 'setTimeout' handler took 145ms
C:\Users\Equipo\Documents\COPIA DE LA COPIA DE LA COPIA\copia de seguridad\Dashboard copia\src\services\supabase.ts:25 Multiple GoTrueClient instances detected in the same browser context. It is not an error, but this should be avoided as it may produce undefined behavior when used concurrently under the same storage key.
GoTrueClient @ GoTrueClient.js:74
SupabaseAuthClient @ SupabaseAuthClient.js:9
_initSupabaseAuthClient @ SupabaseClient.js:202
SupabaseClient @ SupabaseClient.js:73
createClient @ index.js:55
eval @ C:\Users\Equipo\Documents\COPIA DE LA COPIA DE LA COPIA\copia de seguridad\Dashboard copia\src\services\supabase.ts:25
(app-pages-browser)/./src/services/supabase.ts @ layout.js:817
options.factory @ webpack.js?v=1738536357282:712
__webpack_require__ @ webpack.js?v=1738536357282:37
fn @ webpack.js?v=1738536357282:369
eval @ BranchContext.tsx:9
(app-pages-browser)/./src/contexts/BranchContext.tsx @ layout.js:707
options.factory @ webpack.js?v=1738536357282:712
__webpack_require__ @ webpack.js?v=1738536357282:37
fn @ webpack.js?v=1738536357282:369
eval @ providers.tsx:10
(app-pages-browser)/./src/app/providers.tsx @ layout.js:652
options.factory @ webpack.js?v=1738536357282:712
__webpack_require__ @ webpack.js?v=1738536357282:37
fn @ webpack.js?v=1738536357282:369
Promise.then
eval @ next-flight-client-entry-loader.js?modules=%7B%22request%22%3A%22C%3A%5C%5CUsers%5C%5CEquipo%5C%5CDocuments%5C%5CCOPIA%20DE%20LA%20COPIA%20DE%20LA%20COPIA%5C%5Ccopia%20de%20seguridad%5C%5CDashboard%20copia%5C%5Cnode_modules%5C%5Csonner%5C%5Cdist%5C%5Cindex.mjs%22%2C%22ids%22%3A%5B%22Toaster%22%5D%7D&modules=%7B%22request%22%3A%22C%3A%5C%5CUsers%5C%5CEquipo%5C%5CDocuments%5C%5CCOPIA%20DE%20LA%20COPIA%20DE%20LA%20COPIA%5C%5Ccopia%20de%20seguridad%5C%5CDashboard%20copia%5C%5Csrc%5C%5Capp%5C%5Cglobals.css%22%2C%22ids%22%3A%5B%5D%7D&modules=%7B%22request%22%3A%22C%3A%5C%5CUsers%5C%5CEquipo%5C%5CDocuments%5C%5CCOPIA%20DE%20LA%20COPIA%20DE%20LA%20COPIA%5C%5Ccopia%20de%20seguridad%5C%5CDashboard%20copia%5C%5Cnode_modules%5C%5Cnext%5C%5Cfont%5C%5Cgoogle%5C%5Ctarget.css%3F%7B%5C%22path%5C%22%3A%5C%22src%5C%5C%5C%5Capp%5C%5C%5C%5Clayout.tsx%5C%22%2C%5C%22import%5C%22%3A%5C%22Inter%5C%22%2C%5C%22arguments%5C%22%3A%5B%7B%5C%22subsets%5C%22%3A%5B%5C%22latin%5C%22%5D%7D%5D%2C%5C%22variableName%5C%22%3A%5C%22inter%5C%22%7D%22%2C%22ids%22%3A%5B%5D%7D&modules=%7B%22request%22%3A%22C%3A%5C%5CUsers%5C%5CEquipo%5C%5CDocuments%5C%5CCOPIA%20DE%20LA%20COPIA%20DE%20LA%20COPIA%5C%5Ccopia%20de%20seguridad%5C%5CDashboard%20copia%5C%5Csrc%5C%5Capp%5C%5Cproviders.tsx%22%2C%22ids%22%3A%5B%22Providers%22%5D%7D&modules=%7B%22request%22%3A%22C%3A%5C%5CUsers%5C%5CEquipo%5C%5CDocuments%5C%5CCOPIA%20DE%20LA%20COPIA%20DE%20LA%20COPIA%5C%5Ccopia%20de%20seguridad%5C%5CDashboard%20copia%5C%5Csrc%5C%5Ccomponents%5C%5Cproviders%5C%5Cpaypal-provider.tsx%22%2C%22ids%22%3A%5B%22PayPalProvider%22%5D%7D&modules=%7B%22request%22%3A%22C%3A%5C%5CUsers%5C%5CEquipo%5C%5CDocuments%5C%5CCOPIA%20DE%20LA%20COPIA%20DE%20LA%20COPIA%5C%5Ccopia%20de%20seguridad%5C%5CDashboard%20copia%5C%5Csrc%5C%5Ccomponents%5C%5Cproviders%5C%5Cstripe-provider.tsx%22%2C%22ids%22%3A%5B%22StripeProvider%22%5D%7D&modules=%7B%22request%22%3A%22C%3A%5C%5CUsers%5C%5CEquipo%5C%5CDocuments%5C%5CCOPIA%20DE%20LA%20COPIA%20DE%20LA%20COPIA%5C%5Ccopia%20de%20seguridad%5C%5CDashboard%20copia%5C%5Csrc%5C%5Ccontexts%5C%5CBranchContext.tsx%22%2C%22ids%22%3A%5B%22BranchProvider%22%5D%7D&modules=%7B%22request%22%3A%22C%3A%5C%5CUsers%5C%5CEquipo%5C%5CDocuments%5C%5CCOPIA%20DE%20LA%20COPIA%20DE%20LA%20COPIA%5C%5Ccopia%20de%20seguridad%5C%5CDashboard%20copia%5C%5Csrc%5C%5Ccontexts%5C%5CDateContext.tsx%22%2C%22ids%22%3A%5B%22DateProvider%22%5D%7D&modules=%7B%22request%22%3A%22C%3A%5C%5CUsers%5C%5CEquipo%5C%5CDocuments%5C%5CCOPIA%20DE%20LA%20COPIA%20DE%20LA%20COPIA%5C%5Ccopia%20de%20seguridad%5C%5CDashboard%20copia%5C%5Csrc%5C%5Ccontexts%5C%5CFormContext.tsx%22%2C%22ids%22%3A%5B%22FormProvider%22%5D%7D&modules=%7B%22request%22%3A%22C%3A%5C%5CUsers%5C%5CEquipo%5C%5CDocuments%5C%5CCOPIA%20DE%20LA%20COPIA%20DE%20LA%20COPIA%5C%5Ccopia%20de%20seguridad%5C%5CDashboard%20copia%5C%5Csrc%5C%5Ccontexts%5C%5COrganizationContext.tsx%22%2C%22ids%22%3A%5B%22OrganizationProvider%22%5D%7D&server=false!:7
(app-pages-browser)/./node_modules/next/dist/build/webpack/loaders/next-flight-client-entry-loader.js?modules=%7B%22request%22%3A%22C%3A%5C%5CUsers%5C%5CEquipo%5C%5CDocuments%5C%5CCOPIA%20DE%20LA%20COPIA%20DE%20LA%20COPIA%5C%5Ccopia%20de%20seguridad%5C%5CDashboard%20copia%5C%5Cnode_modules%5C%5Csonner%5C%5Cdist%5C%5Cindex.mjs%22%2C%22ids%22%3A%5B%22Toaster%22%5D%7D&modules=%7B%22request%22%3A%22C%3A%5C%5CUsers%5C%5CEquipo%5C%5CDocuments%5C%5CCOPIA%20DE%20LA%20COPIA%20DE%20LA%20COPIA%5C%5Ccopia%20de%20seguridad%5C%5CDashboard%20copia%5C%5Csrc%5C%5Capp%5C%5Cglobals.css%22%2C%22ids%22%3A%5B%5D%7D&modules=%7B%22request%22%3A%22C%3A%5C%5CUsers%5C%5CEquipo%5C%5CDocuments%5C%5CCOPIA%20DE%20LA%20COPIA%20DE%20LA%20COPIA%5C%5Ccopia%20de%20seguridad%5C%5CDashboard%20copia%5C%5Cnode_modules%5C%5Cnext%5C%5Cfont%5C%5Cgoogle%5C%5Ctarget.css%3F%7B%5C%22path%5C%22%3A%5C%22src%5C%5C%5C%5Capp%5C%5C%5C%5Clayout.tsx%5C%22%2C%5C%22import%5C%22%3A%5C%22Inter%5C%22%2C%5C%22arguments%5C%22%3A%5B%7B%5C%22subsets%5C%22%3A%5B%5C%22latin%5C%22%5D%7D%5D%2C%5C%22variableName%5C%22%3A%5C%22inter%5C%22%7D%22%2C%22ids%22%3A%5B%5D%7D&modules=%7B%22request%22%3A%22C%3A%5C%5CUsers%5C%5CEquipo%5C%5CDocuments%5C%5CCOPIA%20DE%20LA%20COPIA%20DE%20LA%20COPIA%5C%5Ccopia%20de%20seguridad%5C%5CDashboard%20copia%5C%5Csrc%5C%5Capp%5C%5Cproviders.tsx%22%2C%22ids%22%3A%5B%22Providers%22%5D%7D&modules=%7B%22request%22%3A%22C%3A%5C%5CUsers%5C%5CEquipo%5C%5CDocuments%5C%5CCOPIA%20DE%20LA%20COPIA%20DE%20LA%20COPIA%5C%5Ccopia%20de%20seguridad%5C%5CDashboard%20copia%5C%5Csrc%5C%5Ccomponents%5C%5Cproviders%5C%5Cpaypal-provider.tsx%22%2C%22ids%22%3A%5B%22PayPalProvider%22%5D%7D&modules=%7B%22request%22%3A%22C%3A%5C%5CUsers%5C%5CEquipo%5C%5CDocuments%5C%5CCOPIA%20DE%20LA%20COPIA%20DE%20LA%20COPIA%5C%5Ccopia%20de%20seguridad%5C%5CDashboard%20copia%5C%5Csrc%5C%5Ccomponents%5C%5Cproviders%5C%5Cstripe-provider.tsx%22%2C%22ids%22%3A%5B%22StripeProvider%22%5D%7D&modules=%7B%22request%22%3A%22C%3A%5C%5CUsers%5C%5CEquipo%5C%5CDocuments%5C%5CCOPIA%20DE%20LA%20COPIA%20DE%20LA%20COPIA%5C%5Ccopia%20de%20seguridad%5C%5CDashboard%20copia%5C%5Csrc%5C%5Ccontexts%5C%5CBranchContext.tsx%22%2C%22ids%22%3A%5B%22BranchProvider%22%5D%7D&modules=%7B%22request%22%3A%22C%3A%5C%5CUsers%5C%5CEquipo%5C%5CDocuments%5C%5CCOPIA%20DE%20LA%20COPIA%20DE%20LA%20COPIA%5C%5Ccopia%20de%20seguridad%5C%5CDashboard%20copia%5C%5Csrc%5C%5Ccontexts%5C%5CDateContext.tsx%22%2C%22ids%22%3A%5B%22DateProvider%22%5D%7D&modules=%7B%22request%22%3A%22C%3A%5C%5CUsers%5C%5CEquipo%5C%5CDocuments%5C%5CCOPIA%20DE%20LA%20COPIA%20DE%20LA%20COPIA%5C%5Ccopia%20de%20seguridad%5C%5CDashboard%20copia%5C%5Csrc%5C%5Ccontexts%5C%5CFormContext.tsx%22%2C%22ids%22%3A%5B%22FormProvider%22%5D%7D&modules=%7B%22request%22%3A%22C%3A%5C%5CUsers%5C%5CEquipo%5C%5CDocuments%5C%5CCOPIA%20DE%20LA%20COPIA%20DE%20LA%20COPIA%5C%5Ccopia%20de%20seguridad%5C%5CDashboard%20copia%5C%5Csrc%5C%5Ccontexts%5C%5COrganizationContext.tsx%22%2C%22ids%22%3A%5B%22OrganizationProvider%22%5D%7D&server=false! @ layout.js:17
options.factory @ webpack.js?v=1738536357282:712
__webpack_require__ @ webpack.js?v=1738536357282:37
__webpack_exec__ @ layout.js:1229
(anónimo) @ layout.js:1230
__webpack_require__.O @ webpack.js?v=1738536357282:84
webpackJsonpCallback @ webpack.js?v=1738536357282:1398
(anónimo) @ main-app.js?v=1738536357282:9
C:\Users\Equipo\Documents\COPIA DE LA COPIA DE LA COPIA\copia de seguridad\Dashboard copia\src\services\availability.service.ts:14 Multiple GoTrueClient instances detected in the same browser context. It is not an error, but this should be avoided as it may produce undefined behavior when used concurrently under the same storage key.
GoTrueClient @ GoTrueClient.js:74
SupabaseAuthClient @ SupabaseAuthClient.js:9
_initSupabaseAuthClient @ SupabaseClient.js:202
SupabaseClient @ SupabaseClient.js:73
createClient @ index.js:55
eval @ C:\Users\Equipo\Documents\COPIA DE LA COPIA DE LA COPIA\copia de seguridad\Dashboard copia\src\services\availability.service.ts:14
(app-pages-browser)/./src/services/availability.service.ts @ page.js:1972
options.factory @ webpack.js?v=1738536357282:712
__webpack_require__ @ webpack.js?v=1738536357282:37
fn @ webpack.js?v=1738536357282:369
eval @ useAvailability.ts:7
(app-pages-browser)/./src/hooks/useAvailability.ts @ page.js:1840
options.factory @ webpack.js?v=1738536357282:712
__webpack_require__ @ webpack.js?v=1738536357282:37
fn @ webpack.js?v=1738536357282:369
eval @ ShiftsPreview.tsx:32
(app-pages-browser)/./src/components/preview/steps/ShiftsPreview.tsx @ page.js:1466
options.factory @ webpack.js?v=1738536357282:712
__webpack_require__ @ webpack.js?v=1738536357282:37
fn @ webpack.js?v=1738536357282:369
eval @ index.ts:16
(app-pages-browser)/./src/components/preview/steps/index.ts @ page.js:1488
options.factory @ webpack.js?v=1738536357282:712
__webpack_require__ @ webpack.js?v=1738536357282:37
fn @ webpack.js?v=1738536357282:369
eval @ preview-to-public.ts:7
(app-pages-browser)/./src/lib/mappers/preview-to-public.ts @ page.js:1906
options.factory @ webpack.js?v=1738536357282:712
__webpack_require__ @ webpack.js?v=1738536357282:37
fn @ webpack.js?v=1738536357282:369
eval @ PublicFormContent.tsx:6
(app-pages-browser)/./src/components/public-form/layout/PublicFormContent.tsx @ page.js:1686
options.factory @ webpack.js?v=1738536357282:712
__webpack_require__ @ webpack.js?v=1738536357282:37
fn @ webpack.js?v=1738536357282:369
eval @ PublicFormLayout.tsx:8
(app-pages-browser)/./src/components/public-form/layout/PublicFormLayout.tsx @ page.js:1697
options.factory @ webpack.js?v=1738536357282:712
__webpack_require__ @ webpack.js?v=1738536357282:37
fn @ webpack.js?v=1738536357282:369
eval @ page.tsx:9
(app-pages-browser)/./src/app/forms/[slug]/page.tsx @ page.js:1367
options.factory @ webpack.js?v=1738536357282:712
__webpack_require__ @ webpack.js?v=1738536357282:37
fn @ webpack.js?v=1738536357282:369
Promise.then
eval @ next-flight-client-entry-loader.js?modules=%7B%22request%22%3A%22C%3A%5C%5CUsers%5C%5CEquipo%5C%5CDocuments%5C%5CCOPIA%20DE%20LA%20COPIA%20DE%20LA%20COPIA%5C%5Ccopia%20de%20seguridad%5C%5CDashboard%20copia%5C%5Csrc%5C%5Capp%5C%5Cforms%5C%5C%5Bslug%5D%5C%5Cpage.tsx%22%2C%22ids%22%3A%5B%5D%7D&server=false!:1
(app-pages-browser)/./node_modules/next/dist/build/webpack/loaders/next-flight-client-entry-loader.js?modules=%7B%22request%22%3A%22C%3A%5C%5CUsers%5C%5CEquipo%5C%5CDocuments%5C%5CCOPIA%20DE%20LA%20COPIA%20DE%20LA%20COPIA%5C%5Ccopia%20de%20seguridad%5C%5CDashboard%20copia%5C%5Csrc%5C%5Capp%5C%5Cforms%5C%5C%5Bslug%5D%5C%5Cpage.tsx%22%2C%22ids%22%3A%5B%5D%7D&server=false! @ page.js:17
options.factory @ webpack.js?v=1738536357282:712
__webpack_require__ @ webpack.js?v=1738536357282:37
__webpack_exec__ @ page.js:5564
(anónimo) @ page.js:5565
__webpack_require__.O @ webpack.js?v=1738536357282:84
webpackJsonpCallback @ webpack.js?v=1738536357282:1398
(anónimo) @ main-app.js?v=1738536357282:9
js.stripe.com/v3:1 
        
        
       
        
       Chrome is moving towards a new experience that allows users to choose to browse without third-party cookies.
js.stripe.com/v3:1 
        
        
       
        
       Chrome is moving towards a new experience that allows users to choose to browse without third-party cookies.
js.stripe.com/v3:1 
        
        
       
        
       Chrome is moving towards a new experience that allows users to choose to browse without third-party cookies.
js.stripe.com/v3:1 
        
        
       
        
       Chrome is moving towards a new experience that allows users to choose to browse without third-party cookies.
js.stripe.com/v3:1 
        
        
       
        
       Chrome is moving towards a new experience that allows users to choose to browse without third-party cookies.
js.stripe.com/v3:1 
        
        
       
        
       Chrome is moving towards a new experience that allows users to choose to browse without third-party cookies.
js.stripe.com/v3:1 
        
        
       
        
       Chrome is moving towards a new experience that allows users to choose to browse without third-party cookies.
js.stripe.com/v3:1 
        
        
       
        
       Chrome is moving towards a new experience that allows users to choose to browse without third-party cookies.
js.stripe.com/v3:1 
        
        
       
        
       Chrome is moving towards a new experience that allows users to choose to browse without third-party cookies.
js.stripe.com/v3:1 
        
        
       
        
       Chrome is moving towards a new experience that allows users to choose to browse without third-party cookies.
js.stripe.com/v3:1 
        
        
       
        
       Chrome is moving towards a new experience that allows users to choose to browse without third-party cookies.
js.stripe.com/v3:1 
        
        
       
        
       Chrome is moving towards a new experience that allows users to choose to browse without third-party cookies.
js.stripe.com/v3:1 
        
        
       
        
       Chrome is moving towards a new experience that allows users to choose to browse without third-party cookies.
scheduler.development.js:14 [Violation] 'message' handler took 171ms
intercept-console-error.js:51 A tree hydrated but some attributes of the server rendered HTML didn't match the client properties. This won't be patched up. This can happen if a SSR-ed Client Component used:

- A server/client branch `if (typeof window !== 'undefined')`.
- Variable input such as `Date.now()` or `Math.random()` which changes each time it's called.
- Date formatting in a user's locale which doesn't match the server.
- External changing data without sending a snapshot of it along with the HTML.
- Invalid HTML tag nesting.

It can also happen if the client has a browser extension installed which messes with the HTML before React loaded.

https://react.dev/link/hydration-mismatch

  ...
    <HotReload assetPrefix="">
      <ReactDevOverlay state={{nextId:1, ...}} dispatcher={{...}}>
        <DevRootHTTPAccessFallbackBoundary>
          <HTTPAccessFallbackBoundary notFound={<NotAllowedRootHTTPFallbackError>}>
            <HTTPAccessFallbackErrorBoundary pathname="/forms/-1" notFound={<NotAllowedRootHTTPFallbackError>} ...>
              <RedirectBoundary>
                <RedirectErrorBoundary router={{...}}>
                  <Head>
                  <link>
                  <RootLayout>
                    <html lang="es">
                      <body
                        className="__className_d65c78"
-                       viva-highlight-to-translate=""
                      >
                  ...
        ...

error @ intercept-console-error.js:51
emitPendingHydrationWarnings @ react-dom-client.development.js:4300
completeWork @ react-dom-client.development.js:13611
runWithFiberInDEV @ react-dom-client.development.js:544
completeUnitOfWork @ react-dom-client.development.js:15200
performUnitOfWork @ react-dom-client.development.js:15081
workLoopConcurrent @ react-dom-client.development.js:15058
renderRootConcurrent @ react-dom-client.development.js:15033
performWorkOnRoot @ react-dom-client.development.js:14350
performWorkOnRootViaSchedulerTask @ react-dom-client.development.js:15955
performWorkUntilDeadline @ scheduler.development.js:44
C:\Users\Equipo\Documents\COPIA DE LA COPIA DE LA COPIA\copia de seguridad\Dashboard copia\src\hooks\useStripeConnection.ts:27 ⚠️ No hay ID de organización disponible
C:\Users\Equipo\Documents\COPIA DE LA COPIA DE LA COPIA\copia de seguridad\Dashboard copia\src\services\organizationService.ts:35 📍 Buscando usuario en la tabla usuarios...
C:\Users\Equipo\Documents\COPIA DE LA COPIA DE LA COPIA\copia de seguridad\Dashboard copia\src\services\organizationService.ts:10 🔄 Inicialización en curso, esperando...
C:\Users\Equipo\Documents\COPIA DE LA COPIA DE LA COPIA\copia de seguridad\Dashboard copia\src\services\organizationService.ts:57 ✅ Usuario encontrado: urieltac153@gmail.com
C:\Users\Equipo\Documents\COPIA DE LA COPIA DE LA COPIA\copia de seguridad\Dashboard copia\src\services\organizationService.ts:60 🔍 Verificando si existe empresa para el usuario...
C:\Users\Equipo\Documents\COPIA DE LA COPIA DE LA COPIA\copia de seguridad\Dashboard copia\src\services\organizationService.ts:69 ✅ Empresa existente encontrada
C:\Users\Equipo\Documents\COPIA DE LA COPIA DE LA COPIA\copia de seguridad\Dashboard copia\src\hooks\useStripeConnection.ts:54 🔍 Buscando conexión de Stripe para la empresa: {organizationId: '99f78081-24fa-4892-aae2-823816e7d132', empresa_id: '99f78081-24fa-4892-aae2-823816e7d132'}
C:\Users\Equipo\Documents\COPIA DE LA COPIA DE LA COPIA\copia de seguridad\Dashboard copia\src\hooks\useStripeConnection.ts:72 ℹ️ No se encontró conexión de Stripe para la empresa
m.stripe.com/6:1 
        
        
       
        
       Chrome is moving towards a new experience that allows users to choose to browse without third-party cookies.
m.stripe.com/6:1 
        
        
       
        
       Chrome is moving towards a new experience that allows users to choose to browse without third-party cookies.
m.stripe.com/6:1 
        
        
       
        
       Chrome is moving towards a new experience that allows users to choose to browse without third-party cookies.
m.stripe.com/6:1 
        
        
       
        
       Chrome is moving towards a new experience that allows users to choose to browse without third-party cookies.
m.stripe.com/6:1 
        
        
       
        
       Chrome is moving towards a new experience that allows users to choose to browse without third-party cookies.
m.stripe.com/6:1 
        
        
       
        
       Chrome is moving towards a new experience that allows users to choose to browse without third-party cookies.
m.stripe.com/6:1 
        
        
       
        
       Chrome is moving towards a new experience that allows users to choose to browse without third-party cookies.
m.stripe.com/6:1 
        
        
       
        
       Chrome is moving towards a new experience that allows users to choose to browse without third-party cookies.
m.stripe.com/6:1 
        
        
       
        
       Chrome is moving towards a new experience that allows users to choose to browse without third-party cookies.
m.stripe.com/6:1 
        
        
       
        
       Chrome is moving towards a new experience that allows users to choose to browse without third-party cookies.
m.stripe.com/6:1 
        
        
       
        
       Chrome is moving towards a new experience that allows users to choose to browse without third-party cookies.
6:1 
        
        
       
        
       Chrome is moving towards a new experience that allows users to choose to browse without third-party cookies.
6:1 
        
        
       
        
       Chrome is moving towards a new experience that allows users to choose to browse without third-party cookies.
6:1 
        
        
       
        
       Chrome is moving towards a new experience that allows users to choose to browse without third-party cookies.
-1:1 The resource http://localhost:3000/_next/static/css/app/forms/%5Bslug%5D/page.css?v=1738536357282 was preloaded using link preload but not used within a few seconds from the window's load event. Please make sure it has an appropriate `as` value and it is preloaded intentionally.
