main-app.js?v=1738731884258:2267 Download the React DevTools for a better development experience: https://react.dev/link/react-devtools
C:\Users\urieltac11\Documents\GitHub\Commit-inicial-Aplicaci-n-Web-Links-de-reservas\src\services\supabase.ts:25 Multiple GoTrueClient instances detected in the same browser context. It is not an error, but this should be avoided as it may produce undefined behavior when used concurrently under the same storage key.
GoTrueClient @ GoTrueClient.js:74
SupabaseAuthClient @ SupabaseAuthClient.js:9
_initSupabaseAuthClient @ SupabaseClient.js:202
SupabaseClient @ SupabaseClient.js:73
createClient @ index.js:55
eval @ C:\Users\urieltac11\Documents\GitHub\Commit-inicial-Aplicaci-n-Web-Links-de-reservas\src\services\supabase.ts:25
(app-pages-browser)/./src/services/supabase.ts @ layout.js:818
options.factory @ webpack.js?v=1738731884258:712
__webpack_require__ @ webpack.js?v=1738731884258:37
fn @ webpack.js?v=1738731884258:369
eval @ BranchContext.tsx:9
(app-pages-browser)/./src/contexts/BranchContext.tsx @ layout.js:708
options.factory @ webpack.js?v=1738731884258:712
__webpack_require__ @ webpack.js?v=1738731884258:37
fn @ webpack.js?v=1738731884258:369
eval @ providers.tsx:10
(app-pages-browser)/./src/app/providers.tsx @ layout.js:664
options.factory @ webpack.js?v=1738731884258:712
__webpack_require__ @ webpack.js?v=1738731884258:37
fn @ webpack.js?v=1738731884258:369
Promise.then
eval @ next-flight-client-entry-loader.js?modules=%7B%22request%22%3A%22C%3A%5C%5CUsers%5C%5Curieltac11%5C%5CDocuments%5C%5CGitHub%5C%5CCommit-inicial-Aplicaci-n-Web-Links-de-reservas%5C%5Cnode_modules%5C%5Csonner%5C%5Cdist%5C%5Cindex.mjs%22%2C%22ids%22%3A%5B%22Toaster%22%5D%7D&modules=%7B%22request%22%3A%22C%3A%5C%5CUsers%5C%5Curieltac11%5C%5CDocuments%5C%5CGitHub%5C%5CCommit-inicial-Aplicaci-n-Web-Links-de-reservas%5C%5Csrc%5C%5Capp%5C%5Cglobals.css%22%2C%22ids%22%3A%5B%5D%7D&modules=%7B%22request%22%3A%22C%3A%5C%5CUsers%5C%5Curieltac11%5C%5CDocuments%5C%5CGitHub%5C%5CCommit-inicial-Aplicaci-n-Web-Links-de-reservas%5C%5Cnode_modules%5C%5Cnext%5C%5Cfont%5C%5Cgoogle%5C%5Ctarget.css%3F%7B%5C%22path%5C%22%3A%5C%22src%5C%5C%5C%5Capp%5C%5C%5C%5Clayout.tsx%5C%22%2C%5C%22import%5C%22%3A%5C%22Inter%5C%22%2C%5C%22arguments%5C%22%3A%5B%7B%5C%22subsets%5C%22%3A%5B%5C%22latin%5C%22%5D%7D%5D%2C%5C%22variableName%5C%22%3A%5C%22inter%5C%22%7D%22%2C%22ids%22%3A%5B%5D%7D&modules=%7B%22request%22%3A%22C%3A%5C%5CUsers%5C%5Curieltac11%5C%5CDocuments%5C%5CGitHub%5C%5CCommit-inicial-Aplicaci-n-Web-Links-de-reservas%5C%5Csrc%5C%5Capp%5C%5Cproviders.tsx%22%2C%22ids%22%3A%5B%22Providers%22%5D%7D&modules=%7B%22request%22%3A%22C%3A%5C%5CUsers%5C%5Curieltac11%5C%5CDocuments%5C%5CGitHub%5C%5CCommit-inicial-Aplicaci-n-Web-Links-de-reservas%5C%5Csrc%5C%5Ccomponents%5C%5Cproviders%5C%5Cpaypal-provider.tsx%22%2C%22ids%22%3A%5B%22PayPalProvider%22%5D%7D&modules=%7B%22request%22%3A%22C%3A%5C%5CUsers%5C%5Curieltac11%5C%5CDocuments%5C%5CGitHub%5C%5CCommit-inicial-Aplicaci-n-Web-Links-de-reservas%5C%5Csrc%5C%5Ccontexts%5C%5CBranchContext.tsx%22%2C%22ids%22%3A%5B%22BranchProvider%22%5D%7D&modules=%7B%22request%22%3A%22C%3A%5C%5CUsers%5C%5Curieltac11%5C%5CDocuments%5C%5CGitHub%5C%5CCommit-inicial-Aplicaci-n-Web-Links-de-reservas%5C%5Csrc%5C%5Ccontexts%5C%5CDateContext.tsx%22%2C%22ids%22%3A%5B%22DateProvider%22%5D%7D&modules=%7B%22request%22%3A%22C%3A%5C%5CUsers%5C%5Curieltac11%5C%5CDocuments%5C%5CGitHub%5C%5CCommit-inicial-Aplicaci-n-Web-Links-de-reservas%5C%5Csrc%5C%5Ccontexts%5C%5CFormContext.tsx%22%2C%22ids%22%3A%5B%22FormProvider%22%5D%7D&modules=%7B%22request%22%3A%22C%3A%5C%5CUsers%5C%5Curieltac11%5C%5CDocuments%5C%5CGitHub%5C%5CCommit-inicial-Aplicaci-n-Web-Links-de-reservas%5C%5Csrc%5C%5Ccontexts%5C%5COrganizationContext.tsx%22%2C%22ids%22%3A%5B%22OrganizationProvider%22%5D%7D&modules=%7B%22request%22%3A%22C%3A%5C%5CUsers%5C%5Curieltac11%5C%5CDocuments%5C%5CGitHub%5C%5CCommit-inicial-Aplicaci-n-Web-Links-de-reservas%5C%5Csrc%5C%5Cproviders%5C%5CAuthProvider.tsx%22%2C%22ids%22%3A%5B%22AuthProvider%22%5D%7D&server=false!:7
(app-pages-browser)/./node_modules/next/dist/build/webpack/loaders/next-flight-client-entry-loader.js?modules=%7B%22request%22%3A%22C%3A%5C%5CUsers%5C%5Curieltac11%5C%5CDocuments%5C%5CGitHub%5C%5CCommit-inicial-Aplicaci-n-Web-Links-de-reservas%5C%5Cnode_modules%5C%5Csonner%5C%5Cdist%5C%5Cindex.mjs%22%2C%22ids%22%3A%5B%22Toaster%22%5D%7D&modules=%7B%22request%22%3A%22C%3A%5C%5CUsers%5C%5Curieltac11%5C%5CDocuments%5C%5CGitHub%5C%5CCommit-inicial-Aplicaci-n-Web-Links-de-reservas%5C%5Csrc%5C%5Capp%5C%5Cglobals.css%22%2C%22ids%22%3A%5B%5D%7D&modules=%7B%22request%22%3A%22C%3A%5C%5CUsers%5C%5Curieltac11%5C%5CDocuments%5C%5CGitHub%5C%5CCommit-inicial-Aplicaci-n-Web-Links-de-reservas%5C%5Cnode_modules%5C%5Cnext%5C%5Cfont%5C%5Cgoogle%5C%5Ctarget.css%3F%7B%5C%22path%5C%22%3A%5C%22src%5C%5C%5C%5Capp%5C%5C%5C%5Clayout.tsx%5C%22%2C%5C%22import%5C%22%3A%5C%22Inter%5C%22%2C%5C%22arguments%5C%22%3A%5B%7B%5C%22subsets%5C%22%3A%5B%5C%22latin%5C%22%5D%7D%5D%2C%5C%22variableName%5C%22%3A%5C%22inter%5C%22%7D%22%2C%22ids%22%3A%5B%5D%7D&modules=%7B%22request%22%3A%22C%3A%5C%5CUsers%5C%5Curieltac11%5C%5CDocuments%5C%5CGitHub%5C%5CCommit-inicial-Aplicaci-n-Web-Links-de-reservas%5C%5Csrc%5C%5Capp%5C%5Cproviders.tsx%22%2C%22ids%22%3A%5B%22Providers%22%5D%7D&modules=%7B%22request%22%3A%22C%3A%5C%5CUsers%5C%5Curieltac11%5C%5CDocuments%5C%5CGitHub%5C%5CCommit-inicial-Aplicaci-n-Web-Links-de-reservas%5C%5Csrc%5C%5Ccomponents%5C%5Cproviders%5C%5Cpaypal-provider.tsx%22%2C%22ids%22%3A%5B%22PayPalProvider%22%5D%7D&modules=%7B%22request%22%3A%22C%3A%5C%5CUsers%5C%5Curieltac11%5C%5CDocuments%5C%5CGitHub%5C%5CCommit-inicial-Aplicaci-n-Web-Links-de-reservas%5C%5Csrc%5C%5Ccontexts%5C%5CBranchContext.tsx%22%2C%22ids%22%3A%5B%22BranchProvider%22%5D%7D&modules=%7B%22request%22%3A%22C%3A%5C%5CUsers%5C%5Curieltac11%5C%5CDocuments%5C%5CGitHub%5C%5CCommit-inicial-Aplicaci-n-Web-Links-de-reservas%5C%5Csrc%5C%5Ccontexts%5C%5CDateContext.tsx%22%2C%22ids%22%3A%5B%22DateProvider%22%5D%7D&modules=%7B%22request%22%3A%22C%3A%5C%5CUsers%5C%5Curieltac11%5C%5CDocuments%5C%5CGitHub%5C%5CCommit-inicial-Aplicaci-n-Web-Links-de-reservas%5C%5Csrc%5C%5Ccontexts%5C%5CFormContext.tsx%22%2C%22ids%22%3A%5B%22FormProvider%22%5D%7D&modules=%7B%22request%22%3A%22C%3A%5C%5CUsers%5C%5Curieltac11%5C%5CDocuments%5C%5CGitHub%5C%5CCommit-inicial-Aplicaci-n-Web-Links-de-reservas%5C%5Csrc%5C%5Ccontexts%5C%5COrganizationContext.tsx%22%2C%22ids%22%3A%5B%22OrganizationProvider%22%5D%7D&modules=%7B%22request%22%3A%22C%3A%5C%5CUsers%5C%5Curieltac11%5C%5CDocuments%5C%5CGitHub%5C%5CCommit-inicial-Aplicaci-n-Web-Links-de-reservas%5C%5Csrc%5C%5Cproviders%5C%5CAuthProvider.tsx%22%2C%22ids%22%3A%5B%22AuthProvider%22%5D%7D&server=false! @ layout.js:17
options.factory @ webpack.js?v=1738731884258:712
__webpack_require__ @ webpack.js?v=1738731884258:37
__webpack_exec__ @ layout.js:1252
(anonymous) @ layout.js:1253
__webpack_require__.O @ webpack.js?v=1738731884258:84
webpackJsonpCallback @ webpack.js?v=1738731884258:1398
(anonymous) @ main-app.js?v=1738731884258:9
page.tsx:48  Server   Error: Route "/forms/[slug]" used `params.slug`. `params` should be awaited before using its properties. Learn more: https://nextjs.org/docs/messages/sync-dynamic-apis
    at PublicFormPage (page.tsx:48:8)
    at resolveErrorDev (react-server-dom-webpack-client.browser.development.js:1792:63)
    at getOutlinedModel (react-server-dom-webpack-client.browser.development.js:1283:22)
    at parseModelString (react-server-dom-webpack-client.browser.development.js:1423:15)
    at Array.eval (react-server-dom-webpack-client.browser.development.js:2119:18)
    at JSON.parse (<anonymous>)
    at resolveConsoleEntry (react-server-dom-webpack-client.browser.development.js:1955:28)
    at processFullStringRow (react-server-dom-webpack-client.browser.development.js:2095:11)
    at processFullBinaryRow (react-server-dom-webpack-client.browser.development.js:2059:7)
    at progress (react-server-dom-webpack-client.browser.development.js:2262:17)
PublicFormPage @ page.tsx:48
react-stack-bottom-frame @ react-server-dom-webpack-client.browser.development.js:2446
resolveConsoleEntry @ react-server-dom-webpack-client.browser.development.js:1961
processFullStringRow @ react-server-dom-webpack-client.browser.development.js:2095
processFullBinaryRow @ react-server-dom-webpack-client.browser.development.js:2059
progress @ react-server-dom-webpack-client.browser.development.js:2262
Promise.then
progress @ react-server-dom-webpack-client.browser.development.js:2282
Promise.then
progress @ react-server-dom-webpack-client.browser.development.js:2282
Promise.then
startReadingFromStream @ react-server-dom-webpack-client.browser.development.js:2289
exports.createFromReadableStream @ react-server-dom-webpack-client.browser.development.js:2490
eval @ app-index.js:120
(app-pages-browser)/./node_modules/next/dist/client/app-index.js @ main-app.js?v=1738731884258:375
options.factory @ webpack.js?v=1738731884258:712
__webpack_require__ @ webpack.js?v=1738731884258:37
fn @ webpack.js?v=1738731884258:369
eval @ app-next-dev.js:9
eval @ app-bootstrap.js:57
loadScriptsInSequence @ app-bootstrap.js:23
appBootstrap @ app-bootstrap.js:56
eval @ app-next-dev.js:8
(app-pages-browser)/./node_modules/next/dist/client/app-next-dev.js @ main-app.js?v=1738731884258:397
options.factory @ webpack.js?v=1738731884258:712
__webpack_require__ @ webpack.js?v=1738731884258:37
__webpack_exec__ @ main-app.js?v=1738731884258:2482
(anonymous) @ main-app.js?v=1738731884258:2483
webpackJsonpCallback @ webpack.js?v=1738731884258:1388
(anonymous) @ main-app.js?v=1738731884258:9
page.tsx:54  Server   Error: Route "/forms/[slug]" used `params.slug`. `params` should be awaited before using its properties. Learn more: https://nextjs.org/docs/messages/sync-dynamic-apis
    at PublicFormPage (page.tsx:54:47)
    at resolveErrorDev (react-server-dom-webpack-client.browser.development.js:1792:63)
    at getOutlinedModel (react-server-dom-webpack-client.browser.development.js:1283:22)
    at parseModelString (react-server-dom-webpack-client.browser.development.js:1423:15)
    at Array.eval (react-server-dom-webpack-client.browser.development.js:2119:18)
    at JSON.parse (<anonymous>)
    at resolveConsoleEntry (react-server-dom-webpack-client.browser.development.js:1955:28)
    at processFullStringRow (react-server-dom-webpack-client.browser.development.js:2095:11)
    at processFullBinaryRow (react-server-dom-webpack-client.browser.development.js:2059:7)
    at progress (react-server-dom-webpack-client.browser.development.js:2262:17)
PublicFormPage @ page.tsx:54
react-stack-bottom-frame @ react-server-dom-webpack-client.browser.development.js:2446
resolveConsoleEntry @ react-server-dom-webpack-client.browser.development.js:1961
processFullStringRow @ react-server-dom-webpack-client.browser.development.js:2095
processFullBinaryRow @ react-server-dom-webpack-client.browser.development.js:2059
progress @ react-server-dom-webpack-client.browser.development.js:2262
Promise.then
progress @ react-server-dom-webpack-client.browser.development.js:2282
Promise.then
progress @ react-server-dom-webpack-client.browser.development.js:2282
Promise.then
progress @ react-server-dom-webpack-client.browser.development.js:2282
Promise.then
startReadingFromStream @ react-server-dom-webpack-client.browser.development.js:2289
exports.createFromReadableStream @ react-server-dom-webpack-client.browser.development.js:2490
eval @ app-index.js:120
(app-pages-browser)/./node_modules/next/dist/client/app-index.js @ main-app.js?v=1738731884258:375
options.factory @ webpack.js?v=1738731884258:712
__webpack_require__ @ webpack.js?v=1738731884258:37
fn @ webpack.js?v=1738731884258:369
eval @ app-next-dev.js:9
eval @ app-bootstrap.js:57
loadScriptsInSequence @ app-bootstrap.js:23
appBootstrap @ app-bootstrap.js:56
eval @ app-next-dev.js:8
(app-pages-browser)/./node_modules/next/dist/client/app-next-dev.js @ main-app.js?v=1738731884258:397
options.factory @ webpack.js?v=1738731884258:712
__webpack_require__ @ webpack.js?v=1738731884258:37
__webpack_exec__ @ main-app.js?v=1738731884258:2482
(anonymous) @ main-app.js?v=1738731884258:2483
webpackJsonpCallback @ webpack.js?v=1738731884258:1388
(anonymous) @ main-app.js?v=1738731884258:9
publish-service.ts:12  Server  [FormPublishService] 🔍 Buscando formulario: {slug: 'reservas-a-11'}
page.tsx:14  Server   Error: Route "/forms/[slug]" used `params.slug`. `params` should be awaited before using its properties. Learn more: https://nextjs.org/docs/messages/sync-dynamic-apis
    at Module.generateMetadata (page.tsx:14:8)
    at resolveErrorDev (react-server-dom-webpack-client.browser.development.js:1792:63)
    at getOutlinedModel (react-server-dom-webpack-client.browser.development.js:1283:22)
    at parseModelString (react-server-dom-webpack-client.browser.development.js:1423:15)
    at Array.eval (react-server-dom-webpack-client.browser.development.js:2119:18)
    at JSON.parse (<anonymous>)
    at resolveConsoleEntry (react-server-dom-webpack-client.browser.development.js:1955:28)
    at processFullStringRow (react-server-dom-webpack-client.browser.development.js:2095:11)
    at processFullBinaryRow (react-server-dom-webpack-client.browser.development.js:2059:7)
    at progress (react-server-dom-webpack-client.browser.development.js:2262:17)
Module.generateMetadata @ page.tsx:14
react-stack-bottom-frame @ react-server-dom-webpack-client.browser.development.js:2446
resolveConsoleEntry @ react-server-dom-webpack-client.browser.development.js:1961
processFullStringRow @ react-server-dom-webpack-client.browser.development.js:2095
processFullBinaryRow @ react-server-dom-webpack-client.browser.development.js:2059
progress @ react-server-dom-webpack-client.browser.development.js:2262
Promise.then
progress @ react-server-dom-webpack-client.browser.development.js:2282
Promise.then
progress @ react-server-dom-webpack-client.browser.development.js:2282
Promise.then
progress @ react-server-dom-webpack-client.browser.development.js:2282
Promise.then
progress @ react-server-dom-webpack-client.browser.development.js:2282
Promise.then
progress @ react-server-dom-webpack-client.browser.development.js:2282
Promise.then
progress @ react-server-dom-webpack-client.browser.development.js:2282
Promise.then
startReadingFromStream @ react-server-dom-webpack-client.browser.development.js:2289
exports.createFromReadableStream @ react-server-dom-webpack-client.browser.development.js:2490
eval @ app-index.js:120
(app-pages-browser)/./node_modules/next/dist/client/app-index.js @ main-app.js?v=1738731884258:375
options.factory @ webpack.js?v=1738731884258:712
__webpack_require__ @ webpack.js?v=1738731884258:37
fn @ webpack.js?v=1738731884258:369
eval @ app-next-dev.js:9
eval @ app-bootstrap.js:57
loadScriptsInSequence @ app-bootstrap.js:23
appBootstrap @ app-bootstrap.js:56
eval @ app-next-dev.js:8
(app-pages-browser)/./node_modules/next/dist/client/app-next-dev.js @ main-app.js?v=1738731884258:397
options.factory @ webpack.js?v=1738731884258:712
__webpack_require__ @ webpack.js?v=1738731884258:37
__webpack_exec__ @ main-app.js?v=1738731884258:2482
(anonymous) @ main-app.js?v=1738731884258:2483
webpackJsonpCallback @ webpack.js?v=1738731884258:1388
(anonymous) @ main-app.js?v=1738731884258:9
page.tsx:23  Server   Error: Route "/forms/[slug]" used `params.slug`. `params` should be awaited before using its properties. Learn more: https://nextjs.org/docs/messages/sync-dynamic-apis
    at Module.generateMetadata (page.tsx:23:53)
    at resolveErrorDev (react-server-dom-webpack-client.browser.development.js:1792:63)
    at getOutlinedModel (react-server-dom-webpack-client.browser.development.js:1283:22)
    at parseModelString (react-server-dom-webpack-client.browser.development.js:1423:15)
    at Array.eval (react-server-dom-webpack-client.browser.development.js:2119:18)
    at JSON.parse (<anonymous>)
    at resolveConsoleEntry (react-server-dom-webpack-client.browser.development.js:1955:28)
    at processFullStringRow (react-server-dom-webpack-client.browser.development.js:2095:11)
    at processFullBinaryRow (react-server-dom-webpack-client.browser.development.js:2059:7)
    at progress (react-server-dom-webpack-client.browser.development.js:2262:17)
Module.generateMetadata @ page.tsx:23
react-stack-bottom-frame @ react-server-dom-webpack-client.browser.development.js:2446
resolveConsoleEntry @ react-server-dom-webpack-client.browser.development.js:1961
processFullStringRow @ react-server-dom-webpack-client.browser.development.js:2095
processFullBinaryRow @ react-server-dom-webpack-client.browser.development.js:2059
progress @ react-server-dom-webpack-client.browser.development.js:2262
Promise.then
progress @ react-server-dom-webpack-client.browser.development.js:2282
Promise.then
progress @ react-server-dom-webpack-client.browser.development.js:2282
Promise.then
progress @ react-server-dom-webpack-client.browser.development.js:2282
Promise.then
progress @ react-server-dom-webpack-client.browser.development.js:2282
Promise.then
progress @ react-server-dom-webpack-client.browser.development.js:2282
Promise.then
progress @ react-server-dom-webpack-client.browser.development.js:2282
Promise.then
startReadingFromStream @ react-server-dom-webpack-client.browser.development.js:2289
exports.createFromReadableStream @ react-server-dom-webpack-client.browser.development.js:2490
eval @ app-index.js:120
(app-pages-browser)/./node_modules/next/dist/client/app-index.js @ main-app.js?v=1738731884258:375
options.factory @ webpack.js?v=1738731884258:712
__webpack_require__ @ webpack.js?v=1738731884258:37
fn @ webpack.js?v=1738731884258:369
eval @ app-next-dev.js:9
eval @ app-bootstrap.js:57
loadScriptsInSequence @ app-bootstrap.js:23
appBootstrap @ app-bootstrap.js:56
eval @ app-next-dev.js:8
(app-pages-browser)/./node_modules/next/dist/client/app-next-dev.js @ main-app.js?v=1738731884258:397
options.factory @ webpack.js?v=1738731884258:712
__webpack_require__ @ webpack.js?v=1738731884258:37
__webpack_exec__ @ main-app.js?v=1738731884258:2482
(anonymous) @ main-app.js?v=1738731884258:2483
webpackJsonpCallback @ webpack.js?v=1738731884258:1388
(anonymous) @ main-app.js?v=1738731884258:9
publish-service.ts:12  Server  [FormPublishService] 🔍 Buscando formulario: {slug: 'reservas-a-11'}
publish-service.ts:12  Server  [FormPublishService] ✅ Link encontrado: {id: '786d3fec-5c35-4591-9829-e8b3eed0ccf7', type: 'bookings', created_at: '2025-02-05T03:22:25.857887+00:00'}
publish-service.ts:12  Server  [FormPublishService] 📋 Campos del formulario: {count: 4}
publish-service.ts:12  Server  [FormPublishService] ✅ Validación de campos exitosa: {count: 4}
publish-service.ts:12  Server  [FormPublishService] ✅ Formulario procesado: {id: '786d3fec-5c35-4591-9829-e8b3eed0ccf7', slug: 'reservas-a-11', fieldsCount: 4}
publish-service.ts:12  Server  [FormPublishService] ✅ Link encontrado: {id: '786d3fec-5c35-4591-9829-e8b3eed0ccf7', type: 'bookings', created_at: '2025-02-05T03:22:25.857887+00:00'}
publish-service.ts:12  Server  [FormPublishService] 📋 Campos del formulario: {count: 4}
publish-service.ts:12  Server  [FormPublishService] ✅ Validación de campos exitosa: {count: 4}
publish-service.ts:12  Server  [FormPublishService] ✅ Formulario procesado: {id: '786d3fec-5c35-4591-9829-e8b3eed0ccf7', slug: 'reservas-a-11', fieldsCount: 4}
page.tsx:67  Server   Error: Route "/forms/[slug]" used `params.slug`. `params` should be awaited before using its properties. Learn more: https://nextjs.org/docs/messages/sync-dynamic-apis
    at PublicFormPage (page.tsx:67:24)
    at resolveErrorDev (react-server-dom-webpack-client.browser.development.js:1792:63)
    at getOutlinedModel (react-server-dom-webpack-client.browser.development.js:1283:22)
    at parseModelString (react-server-dom-webpack-client.browser.development.js:1423:15)
    at Array.eval (react-server-dom-webpack-client.browser.development.js:2119:18)
    at JSON.parse (<anonymous>)
    at resolveConsoleEntry (react-server-dom-webpack-client.browser.development.js:1955:28)
    at processFullStringRow (react-server-dom-webpack-client.browser.development.js:2095:11)
    at processFullBinaryRow (react-server-dom-webpack-client.browser.development.js:2059:7)
    at progress (react-server-dom-webpack-client.browser.development.js:2262:17)
PublicFormPage @ page.tsx:67
react-stack-bottom-frame @ react-server-dom-webpack-client.browser.development.js:2446
resolveConsoleEntry @ react-server-dom-webpack-client.browser.development.js:1961
processFullStringRow @ react-server-dom-webpack-client.browser.development.js:2095
processFullBinaryRow @ react-server-dom-webpack-client.browser.development.js:2059
progress @ react-server-dom-webpack-client.browser.development.js:2262
Promise.then
progress @ react-server-dom-webpack-client.browser.development.js:2282
Promise.then
progress @ react-server-dom-webpack-client.browser.development.js:2282
Promise.then
progress @ react-server-dom-webpack-client.browser.development.js:2282
Promise.then
progress @ react-server-dom-webpack-client.browser.development.js:2282
Promise.then
progress @ react-server-dom-webpack-client.browser.development.js:2282
Promise.then
progress @ react-server-dom-webpack-client.browser.development.js:2282
Promise.then
progress @ react-server-dom-webpack-client.browser.development.js:2282
Promise.then
progress @ react-server-dom-webpack-client.browser.development.js:2282
Promise.then
progress @ react-server-dom-webpack-client.browser.development.js:2282
Promise.then
startReadingFromStream @ react-server-dom-webpack-client.browser.development.js:2289
exports.createFromReadableStream @ react-server-dom-webpack-client.browser.development.js:2490
eval @ app-index.js:120
(app-pages-browser)/./node_modules/next/dist/client/app-index.js @ main-app.js?v=1738731884258:375
options.factory @ webpack.js?v=1738731884258:712
__webpack_require__ @ webpack.js?v=1738731884258:37
fn @ webpack.js?v=1738731884258:369
eval @ app-next-dev.js:9
eval @ app-bootstrap.js:57
loadScriptsInSequence @ app-bootstrap.js:23
appBootstrap @ app-bootstrap.js:56
eval @ app-next-dev.js:8
(app-pages-browser)/./node_modules/next/dist/client/app-next-dev.js @ main-app.js?v=1738731884258:397
options.factory @ webpack.js?v=1738731884258:712
__webpack_require__ @ webpack.js?v=1738731884258:37
__webpack_exec__ @ main-app.js?v=1738731884258:2482
(anonymous) @ main-app.js?v=1738731884258:2483
webpackJsonpCallback @ webpack.js?v=1738731884258:1388
(anonymous) @ main-app.js?v=1738731884258:9
C:\Users\urieltac11\Documents\GitHub\Commit-inicial-Aplicaci-n-Web-Links-de-reservas\src\lib\services\forms\publish-service.ts:7 Multiple GoTrueClient instances detected in the same browser context. It is not an error, but this should be avoided as it may produce undefined behavior when used concurrently under the same storage key.
GoTrueClient @ GoTrueClient.js:74
SupabaseAuthClient @ SupabaseAuthClient.js:9
_initSupabaseAuthClient @ SupabaseClient.js:202
SupabaseClient @ SupabaseClient.js:73
createClient @ index.js:55
createSupabaseClient @ index.mjs:375
createNewClient @ index.js:53
createClientComponentClient @ index.js:68
FormPublishService @ C:\Users\urieltac11\Documents\GitHub\Commit-inicial-Aplicaci-n-Web-Links-de-reservas\src\lib\services\forms\publish-service.ts:7
eval @ C:\Users\urieltac11\Documents\GitHub\Commit-inicial-Aplicaci-n-Web-Links-de-reservas\src\lib\services\forms\publish-service.ts:236
(app-pages-browser)/./src/lib/services/forms/publish-service.ts @ page.js:1972
options.factory @ webpack.js?v=1738731884258:712
__webpack_require__ @ webpack.js?v=1738731884258:37
fn @ webpack.js?v=1738731884258:369
eval @ PublicFormContent.tsx:8
(app-pages-browser)/./src/components/public-form/PublicFormContent.tsx @ page.js:1686
options.factory @ webpack.js?v=1738731884258:712
__webpack_require__ @ webpack.js?v=1738731884258:37
fn @ webpack.js?v=1738731884258:369
Promise.then
eval @ next-flight-client-entry-loader.js?modules=%7B%22request%22%3A%22C%3A%5C%5CUsers%5C%5Curieltac11%5C%5CDocuments%5C%5CGitHub%5C%5CCommit-inicial-Aplicaci-n-Web-Links-de-reservas%5C%5Csrc%5C%5Ccomponents%5C%5Cpublic-form%5C%5CPublicFormContent.tsx%22%2C%22ids%22%3A%5B%22PublicFormContent%22%5D%7D&server=false!:1
(app-pages-browser)/./node_modules/next/dist/build/webpack/loaders/next-flight-client-entry-loader.js?modules=%7B%22request%22%3A%22C%3A%5C%5CUsers%5C%5Curieltac11%5C%5CDocuments%5C%5CGitHub%5C%5CCommit-inicial-Aplicaci-n-Web-Links-de-reservas%5C%5Csrc%5C%5Ccomponents%5C%5Cpublic-form%5C%5CPublicFormContent.tsx%22%2C%22ids%22%3A%5B%22PublicFormContent%22%5D%7D&server=false! @ page.js:17
options.factory @ webpack.js?v=1738731884258:712
__webpack_require__ @ webpack.js?v=1738731884258:37
__webpack_exec__ @ page.js:5696
(anonymous) @ page.js:5697
__webpack_require__.O @ webpack.js?v=1738731884258:84
(anonymous) @ page.js:5698
webpackJsonpCallback @ webpack.js?v=1738731884258:1388
(anonymous) @ page.js:9
C:\Users\urieltac11\Documents\GitHub\Commit-inicial-Aplicaci-n-Web-Links-de-reservas\src\services\availability.service.ts:14 Multiple GoTrueClient instances detected in the same browser context. It is not an error, but this should be avoided as it may produce undefined behavior when used concurrently under the same storage key.
GoTrueClient @ GoTrueClient.js:74
SupabaseAuthClient @ SupabaseAuthClient.js:9
_initSupabaseAuthClient @ SupabaseClient.js:202
SupabaseClient @ SupabaseClient.js:73
createClient @ index.js:55
eval @ C:\Users\urieltac11\Documents\GitHub\Commit-inicial-Aplicaci-n-Web-Links-de-reservas\src\services\availability.service.ts:14
(app-pages-browser)/./src/services/availability.service.ts @ page.js:2049
options.factory @ webpack.js?v=1738731884258:712
__webpack_require__ @ webpack.js?v=1738731884258:37
fn @ webpack.js?v=1738731884258:369
eval @ useAvailability.ts:7
(app-pages-browser)/./src/hooks/useAvailability.ts @ page.js:1873
options.factory @ webpack.js?v=1738731884258:712
__webpack_require__ @ webpack.js?v=1738731884258:37
fn @ webpack.js?v=1738731884258:369
eval @ ShiftsPreview.tsx:32
(app-pages-browser)/./src/components/preview/steps/ShiftsPreview.tsx @ page.js:1477
options.factory @ webpack.js?v=1738731884258:712
__webpack_require__ @ webpack.js?v=1738731884258:37
fn @ webpack.js?v=1738731884258:369
eval @ index.ts:16
(app-pages-browser)/./src/components/preview/steps/index.ts @ page.js:1499
options.factory @ webpack.js?v=1738731884258:712
__webpack_require__ @ webpack.js?v=1738731884258:37
fn @ webpack.js?v=1738731884258:369
eval @ preview-to-public.ts:7
(app-pages-browser)/./src/lib/mappers/preview-to-public.ts @ page.js:1961
options.factory @ webpack.js?v=1738731884258:712
__webpack_require__ @ webpack.js?v=1738731884258:37
fn @ webpack.js?v=1738731884258:369
eval @ PublicFormContent.tsx:6
(app-pages-browser)/./src/components/public-form/layout/PublicFormContent.tsx @ page.js:1708
options.factory @ webpack.js?v=1738731884258:712
__webpack_require__ @ webpack.js?v=1738731884258:37
fn @ webpack.js?v=1738731884258:369
eval @ PublicFormLayout.tsx:8
(app-pages-browser)/./src/components/public-form/layout/PublicFormLayout.tsx @ page.js:1719
options.factory @ webpack.js?v=1738731884258:712
__webpack_require__ @ webpack.js?v=1738731884258:37
fn @ webpack.js?v=1738731884258:369
eval @ PublicFormContent.tsx:9
(app-pages-browser)/./src/components/public-form/PublicFormContent.tsx @ page.js:1686
options.factory @ webpack.js?v=1738731884258:712
__webpack_require__ @ webpack.js?v=1738731884258:37
fn @ webpack.js?v=1738731884258:369
Promise.then
eval @ next-flight-client-entry-loader.js?modules=%7B%22request%22%3A%22C%3A%5C%5CUsers%5C%5Curieltac11%5C%5CDocuments%5C%5CGitHub%5C%5CCommit-inicial-Aplicaci-n-Web-Links-de-reservas%5C%5Csrc%5C%5Ccomponents%5C%5Cpublic-form%5C%5CPublicFormContent.tsx%22%2C%22ids%22%3A%5B%22PublicFormContent%22%5D%7D&server=false!:1
(app-pages-browser)/./node_modules/next/dist/build/webpack/loaders/next-flight-client-entry-loader.js?modules=%7B%22request%22%3A%22C%3A%5C%5CUsers%5C%5Curieltac11%5C%5CDocuments%5C%5CGitHub%5C%5CCommit-inicial-Aplicaci-n-Web-Links-de-reservas%5C%5Csrc%5C%5Ccomponents%5C%5Cpublic-form%5C%5CPublicFormContent.tsx%22%2C%22ids%22%3A%5B%22PublicFormContent%22%5D%7D&server=false! @ page.js:17
options.factory @ webpack.js?v=1738731884258:712
__webpack_require__ @ webpack.js?v=1738731884258:37
__webpack_exec__ @ page.js:5696
(anonymous) @ page.js:5697
__webpack_require__.O @ webpack.js?v=1738731884258:84
(anonymous) @ page.js:5698
webpackJsonpCallback @ webpack.js?v=1738731884258:1388
(anonymous) @ page.js:9
C:\Users\urieltac11\Documents\GitHub\Commit-inicial-Aplicaci-n-Web-Links-de-reservas\src\services\organizationService.ts:35 📍 Buscando usuario en la tabla usuarios...
C:\Users\urieltac11\Documents\GitHub\Commit-inicial-Aplicaci-n-Web-Links-de-reservas\src\services\organizationService.ts:10 🔄 Inicialización en curso, esperando...
C:\Users\urieltac11\Documents\GitHub\Commit-inicial-Aplicaci-n-Web-Links-de-reservas\src\lib\mappers\preview-to-public.ts:31 [FieldSorter] Ordenando campos: {originalOrder: Array(4), definedOrder: Array(7)}
C:\Users\urieltac11\Documents\GitHub\Commit-inicial-Aplicaci-n-Web-Links-de-reservas\src\lib\mappers\preview-to-public.ts:31 [FieldSorter] Campos ordenados: {newOrder: Array(4)}
C:\Users\urieltac11\Documents\GitHub\Commit-inicial-Aplicaci-n-Web-Links-de-reservas\src\lib\mappers\preview-to-public.ts:31 [FieldSorter] Ordenando campos: {originalOrder: Array(4), definedOrder: Array(7)}
C:\Users\urieltac11\Documents\GitHub\Commit-inicial-Aplicaci-n-Web-Links-de-reservas\src\lib\mappers\preview-to-public.ts:31 [FieldSorter] Campos ordenados: {newOrder: Array(4)}
C:\Users\urieltac11\Documents\GitHub\Commit-inicial-Aplicaci-n-Web-Links-de-reservas\src\lib\mappers\preview-to-public.ts:63 [PreviewMapper] Getting component for field: {id: 'step-4', type: 'summary', title: 'Resumen', description: 'Confirma los detalles de tu reserva', required: true, …}
C:\Users\urieltac11\Documents\GitHub\Commit-inicial-Aplicaci-n-Web-Links-de-reservas\src\lib\mappers\preview-to-public.ts:63 [PreviewMapper] Getting component for field: {id: 'step-4', type: 'summary', title: 'Resumen', description: 'Confirma los detalles de tu reserva', required: true, …}
C:\Users\urieltac11\Documents\GitHub\Commit-inicial-Aplicaci-n-Web-Links-de-reservas\src\lib\mappers\preview-to-public.ts:31 [FieldSorter] Ordenando campos: {originalOrder: Array(4), definedOrder: Array(7)}
C:\Users\urieltac11\Documents\GitHub\Commit-inicial-Aplicaci-n-Web-Links-de-reservas\src\lib\mappers\preview-to-public.ts:31 [FieldSorter] Campos ordenados: {newOrder: Array(4)}
C:\Users\urieltac11\Documents\GitHub\Commit-inicial-Aplicaci-n-Web-Links-de-reservas\src\components\public-form\PublicFormContent.tsx:27 [PublicFormContent] Cargando formulario con slug: reservas-a-11
C:\Users\urieltac11\Documents\GitHub\Commit-inicial-Aplicaci-n-Web-Links-de-reservas\src\lib\services\forms\publish-service.ts:12 [FormPublishService] 🔍 Buscando formulario: {slug: 'reservas-a-11'}
C:\Users\urieltac11\Documents\GitHub\Commit-inicial-Aplicaci-n-Web-Links-de-reservas\src\lib\mappers\preview-to-public.ts:63 [PreviewMapper] Getting component for field: {id: 'step-4', type: 'summary', title: 'Resumen', description: 'Confirma los detalles de tu reserva', required: true, …}
C:\Users\urieltac11\Documents\GitHub\Commit-inicial-Aplicaci-n-Web-Links-de-reservas\src\lib\mappers\preview-to-public.ts:63 [PreviewMapper] Getting component for field: {id: 'step-4', type: 'summary', title: 'Resumen', description: 'Confirma los detalles de tu reserva', required: true, …}
C:\Users\urieltac11\Documents\GitHub\Commit-inicial-Aplicaci-n-Web-Links-de-reservas\src\services\organizationService.ts:57 ✅ Usuario encontrado: urieltac153@gmail.com
C:\Users\urieltac11\Documents\GitHub\Commit-inicial-Aplicaci-n-Web-Links-de-reservas\src\services\organizationService.ts:60 🔍 Verificando si existe empresa para el usuario...
C:\Users\urieltac11\Documents\GitHub\Commit-inicial-Aplicaci-n-Web-Links-de-reservas\src\lib\services\forms\publish-service.ts:12 [FormPublishService] ✅ Link encontrado: {id: '786d3fec-5c35-4591-9829-e8b3eed0ccf7', type: 'bookings', created_at: '2025-02-05T03:22:25.857887+00:00'}
C:\Users\urieltac11\Documents\GitHub\Commit-inicial-Aplicaci-n-Web-Links-de-reservas\src\lib\services\forms\publish-service.ts:12 [FormPublishService] 📋 Campos del formulario: {count: 4}
C:\Users\urieltac11\Documents\GitHub\Commit-inicial-Aplicaci-n-Web-Links-de-reservas\src\lib\services\forms\publish-service.ts:12 [FormPublishService] ✅ Validación de campos exitosa: {count: 4}
C:\Users\urieltac11\Documents\GitHub\Commit-inicial-Aplicaci-n-Web-Links-de-reservas\src\lib\services\forms\publish-service.ts:12 [FormPublishService] ✅ Formulario procesado: {id: '786d3fec-5c35-4591-9829-e8b3eed0ccf7', slug: 'reservas-a-11', fieldsCount: 4}
C:\Users\urieltac11\Documents\GitHub\Commit-inicial-Aplicaci-n-Web-Links-de-reservas\src\components\public-form\PublicFormContent.tsx:27 [PublicFormContent] Datos del formulario cargados: {id: '786d3fec-5c35-4591-9829-e8b3eed0ccf7', slug: 'reservas-a-11', title: 'Formulario sin título', description: '', fields: Array(4), …}
C:\Users\urieltac11\Documents\GitHub\Commit-inicial-Aplicaci-n-Web-Links-de-reservas\src\lib\mappers\preview-to-public.ts:63 [PreviewMapper] Getting component for field: {id: 'step-4', type: 'summary', title: 'Resumen', description: 'Confirma los detalles de tu reserva', required: true, …}
C:\Users\urieltac11\Documents\GitHub\Commit-inicial-Aplicaci-n-Web-Links-de-reservas\src\lib\mappers\preview-to-public.ts:63 [PreviewMapper] Getting component for field: {id: 'step-4', type: 'summary', title: 'Resumen', description: 'Confirma los detalles de tu reserva', required: true, …}
C:\Users\urieltac11\Documents\GitHub\Commit-inicial-Aplicaci-n-Web-Links-de-reservas\src\lib\mappers\preview-to-public.ts:31 [FieldSorter] Ordenando campos: {originalOrder: Array(4), definedOrder: Array(7)}
C:\Users\urieltac11\Documents\GitHub\Commit-inicial-Aplicaci-n-Web-Links-de-reservas\src\lib\mappers\preview-to-public.ts:31 [FieldSorter] Campos ordenados: {newOrder: Array(4)}
C:\Users\urieltac11\Documents\GitHub\Commit-inicial-Aplicaci-n-Web-Links-de-reservas\src\lib\mappers\preview-to-public.ts:63 [PreviewMapper] Getting component for field: {id: 'step-4', type: 'summary', title: 'Resumen', description: 'Confirma los detalles de tu reserva', required: true, …}
C:\Users\urieltac11\Documents\GitHub\Commit-inicial-Aplicaci-n-Web-Links-de-reservas\src\lib\mappers\preview-to-public.ts:63 [PreviewMapper] Getting component for field: {id: 'step-4', type: 'summary', title: 'Resumen', description: 'Confirma los detalles de tu reserva', required: true, …}
C:\Users\urieltac11\Documents\GitHub\Commit-inicial-Aplicaci-n-Web-Links-de-reservas\src\services\organizationService.ts:69 ✅ Empresa existente encontrada
C:\Users\urieltac11\Documents\GitHub\Commit-inicial-Aplicaci-n-Web-Links-de-reservas\src\lib\services\forms\publish-service.ts:12 [FormPublishService] 📊 Vistas incrementadas para: {slug: 'reservas-a-11'}
m.stripe.com/6:1 
        
        
       
        
       Chrome is moving towards a new experience that allows users to choose to browse without third-party cookies.
m.stripe.com/6:1 
        
        
       
        
       Chrome is moving towards a new experience that allows users to choose to browse without third-party cookies.
